--------------------------------------------------------------------------------
Release 14.2 Trace  (nt64)
Copyright (c) 1995-2012 Xilinx, Inc.  All rights reserved.

C:\Xilinx\14.2\ISE_DS\ISE\bin\nt64\unwrapped\trce.exe -intstyle ise -v 3 -s 5
-n 3 -fastpaths -xml cpu_preroute.twx cpu_map.ncd -o cpu_preroute.twr cpu.pcf
-ucf demux_16_21.ucf

Design file:              cpu_map.ncd
Physical constraint file: cpu.pcf
Device,package,speed:     xc3s100e,vq100,-5 (PRODUCTION 1.27 2012-07-09)
Report level:             verbose report

Environment Variable      Effect 
--------------------      ------ 
NONE                      No environment variables were set
--------------------------------------------------------------------------------

INFO:Timing:2698 - No timing constraints found, doing default enumeration.
INFO:Timing:3412 - To improve timing, see the Timing Closure User Guide (UG612).
INFO:Timing:2752 - To get complete path coverage, use the unconstrained paths 
   option. All paths that are not constrained will be reported in the 
   unconstrained paths section(s) of the report.
INFO:Timing:3284 - This timing report was generated using estimated delay 
   information.  For accurate numbers, please refer to the post Place and Route 
   timing report.
INFO:Timing:3339 - The clock-to-out numbers in this timing report are based on 
   a 50 Ohm transmission line loading model.  For the details of this model, 
   and for more information on accounting for different loading conditions, 
   please see the device datasheet.
INFO:Timing:3390 - This architecture does not support a default System Jitter 
   value, please add SYSTEM_JITTER constraint to the UCF to modify the Clock 
   Uncertainty calculation.
INFO:Timing:3389 - This architecture does not support 'Discrete Jitter' and 
   'Phase Error' calculations, these terms will be zero in the Clock 
   Uncertainty calculation.  Please make appropriate modification to 
   SYSTEM_JITTER to account for the unsupported Discrete Jitter and Phase 
   Error.



Data Sheet report:
-----------------
All values displayed in nanoseconds (ns)

Pad to Pad
---------------+---------------+---------+
Source Pad     |Destination Pad|  Delay  |
---------------+---------------+---------+
clk            |address<0>     |    6.791|
clk            |address<1>     |    6.791|
clk            |address<2>     |   18.890|
clk            |address<3>     |   24.708|
clk            |address<4>     |   30.248|
clk            |address<5>     |   35.788|
clk            |address<6>     |   41.328|
clk            |address<7>     |   46.868|
clk            |address<8>     |   52.408|
clk            |address<9>     |   57.948|
clk            |address<10>    |   63.488|
clk            |address<11>    |   69.028|
clk            |address<12>    |   74.568|
clk            |address<13>    |   80.108|
clk            |address<14>    |    6.791|
clk            |address<15>    |   89.515|
clk            |out<0>         |    8.956|
clk            |out<1>         |   12.360|
clk            |out<2>         |   16.476|
clk            |out<3>         |   22.294|
clk            |out<4>         |   27.834|
clk            |out<5>         |   33.374|
clk            |out<6>         |   38.914|
clk            |out<7>         |   44.454|
clk            |out<8>         |   49.994|
clk            |out<9>         |   55.534|
clk            |out<10>        |   61.074|
clk            |out<11>        |   66.614|
clk            |out<12>        |   72.154|
clk            |out<13>        |   77.694|
clk            |out<14>        |   83.234|
clk            |out<15>        |   87.350|
clk            |pc<0>          |   90.476|
clk            |pc<1>          |   93.602|
clk            |pc<2>          |   96.728|
clk            |pc<3>          |  100.566|
clk            |pc<4>          |  104.126|
clk            |pc<5>          |  107.964|
clk            |pc<6>          |  111.524|
clk            |pc<7>          |  115.362|
clk            |pc<8>          |  118.922|
clk            |pc<9>          |  122.760|
clk            |pc<10>         |  126.320|
clk            |pc<11>         |  130.158|
clk            |pc<12>         |  133.718|
clk            |pc<13>         |  137.556|
clk            |pc<14>         |  141.116|
clk            |pc<15>         |  144.954|
in<0>          |address<2>     |   16.476|
in<0>          |address<3>     |   22.294|
in<0>          |address<4>     |   27.834|
in<0>          |address<5>     |   33.374|
in<0>          |address<6>     |   38.914|
in<0>          |address<7>     |   44.454|
in<0>          |address<8>     |   49.994|
in<0>          |address<9>     |   55.534|
in<0>          |address<10>    |   61.074|
in<0>          |address<11>    |   66.614|
in<0>          |address<12>    |   72.154|
in<0>          |address<13>    |   77.694|
in<0>          |address<15>    |   87.101|
in<0>          |out<0>         |    6.542|
in<0>          |out<1>         |    9.946|
in<0>          |out<2>         |   14.062|
in<0>          |out<3>         |   19.880|
in<0>          |out<4>         |   25.420|
in<0>          |out<5>         |   30.960|
in<0>          |out<6>         |   36.500|
in<0>          |out<7>         |   42.040|
in<0>          |out<8>         |   47.580|
in<0>          |out<9>         |   53.120|
in<0>          |out<10>        |   58.660|
in<0>          |out<11>        |   64.200|
in<0>          |out<12>        |   69.740|
in<0>          |out<13>        |   75.280|
in<0>          |out<14>        |   80.820|
in<0>          |out<15>        |   84.936|
in<0>          |pc<0>          |   88.062|
in<0>          |pc<1>          |   91.188|
in<0>          |pc<2>          |   94.314|
in<0>          |pc<3>          |   98.152|
in<0>          |pc<4>          |  101.712|
in<0>          |pc<5>          |  105.550|
in<0>          |pc<6>          |  109.110|
in<0>          |pc<7>          |  112.948|
in<0>          |pc<8>          |  116.508|
in<0>          |pc<9>          |  120.346|
in<0>          |pc<10>         |  123.906|
in<0>          |pc<11>         |  127.744|
in<0>          |pc<12>         |  131.304|
in<0>          |pc<13>         |  135.142|
in<0>          |pc<14>         |  138.702|
in<0>          |pc<15>         |  142.540|
in<1>          |address<2>     |   12.638|
in<1>          |address<3>     |   18.456|
in<1>          |address<4>     |   23.996|
in<1>          |address<5>     |   29.536|
in<1>          |address<6>     |   35.076|
in<1>          |address<7>     |   40.616|
in<1>          |address<8>     |   46.156|
in<1>          |address<9>     |   51.696|
in<1>          |address<10>    |   57.236|
in<1>          |address<11>    |   62.776|
in<1>          |address<12>    |   68.316|
in<1>          |address<13>    |   73.856|
in<1>          |address<15>    |   83.263|
in<1>          |out<1>         |    6.108|
in<1>          |out<2>         |   10.224|
in<1>          |out<3>         |   16.042|
in<1>          |out<4>         |   21.582|
in<1>          |out<5>         |   27.122|
in<1>          |out<6>         |   32.662|
in<1>          |out<7>         |   38.202|
in<1>          |out<8>         |   43.742|
in<1>          |out<9>         |   49.282|
in<1>          |out<10>        |   54.822|
in<1>          |out<11>        |   60.362|
in<1>          |out<12>        |   65.902|
in<1>          |out<13>        |   71.442|
in<1>          |out<14>        |   76.982|
in<1>          |out<15>        |   81.098|
in<1>          |pc<0>          |   84.224|
in<1>          |pc<1>          |   87.350|
in<1>          |pc<2>          |   90.476|
in<1>          |pc<3>          |   94.314|
in<1>          |pc<4>          |   97.874|
in<1>          |pc<5>          |  101.712|
in<1>          |pc<6>          |  105.272|
in<1>          |pc<7>          |  109.110|
in<1>          |pc<8>          |  112.670|
in<1>          |pc<9>          |  116.508|
in<1>          |pc<10>         |  120.068|
in<1>          |pc<11>         |  123.906|
in<1>          |pc<12>         |  127.466|
in<1>          |pc<13>         |  131.304|
in<1>          |pc<14>         |  134.864|
in<1>          |pc<15>         |  138.702|
in<2>          |address<3>     |   10.195|
in<2>          |address<4>     |   15.735|
in<2>          |address<5>     |   21.275|
in<2>          |address<6>     |   26.815|
in<2>          |address<7>     |   32.355|
in<2>          |address<8>     |   37.895|
in<2>          |address<9>     |   43.435|
in<2>          |address<10>    |   48.975|
in<2>          |address<11>    |   54.515|
in<2>          |address<12>    |   60.055|
in<2>          |address<13>    |   65.595|
in<2>          |address<15>    |   75.002|
in<2>          |out<3>         |    7.781|
in<2>          |out<4>         |   13.321|
in<2>          |out<5>         |   18.861|
in<2>          |out<6>         |   24.401|
in<2>          |out<7>         |   29.941|
in<2>          |out<8>         |   35.481|
in<2>          |out<9>         |   41.021|
in<2>          |out<10>        |   46.561|
in<2>          |out<11>        |   52.101|
in<2>          |out<12>        |   57.641|
in<2>          |out<13>        |   63.181|
in<2>          |out<14>        |   68.721|
in<2>          |out<15>        |   72.837|
in<2>          |pc<0>          |   75.963|
in<2>          |pc<1>          |   79.089|
in<2>          |pc<2>          |   82.215|
in<2>          |pc<3>          |   86.053|
in<2>          |pc<4>          |   89.613|
in<2>          |pc<5>          |   93.451|
in<2>          |pc<6>          |   97.011|
in<2>          |pc<7>          |  100.849|
in<2>          |pc<8>          |  104.409|
in<2>          |pc<9>          |  108.247|
in<2>          |pc<10>         |  111.807|
in<2>          |pc<11>         |  115.645|
in<2>          |pc<12>         |  119.205|
in<2>          |pc<13>         |  123.043|
in<2>          |pc<14>         |  126.603|
in<2>          |pc<15>         |  130.441|
in<3>          |address<4>     |    9.917|
in<3>          |address<5>     |   15.457|
in<3>          |address<6>     |   20.997|
in<3>          |address<7>     |   26.537|
in<3>          |address<8>     |   32.077|
in<3>          |address<9>     |   37.617|
in<3>          |address<10>    |   43.157|
in<3>          |address<11>    |   48.697|
in<3>          |address<12>    |   54.237|
in<3>          |address<13>    |   59.777|
in<3>          |address<15>    |   69.184|
in<3>          |out<4>         |    7.503|
in<3>          |out<5>         |   13.043|
in<3>          |out<6>         |   18.583|
in<3>          |out<7>         |   24.123|
in<3>          |out<8>         |   29.663|
in<3>          |out<9>         |   35.203|
in<3>          |out<10>        |   40.743|
in<3>          |out<11>        |   46.283|
in<3>          |out<12>        |   51.823|
in<3>          |out<13>        |   57.363|
in<3>          |out<14>        |   62.903|
in<3>          |out<15>        |   67.019|
in<3>          |pc<0>          |   70.145|
in<3>          |pc<1>          |   73.271|
in<3>          |pc<2>          |   76.397|
in<3>          |pc<3>          |   80.235|
in<3>          |pc<4>          |   83.795|
in<3>          |pc<5>          |   87.633|
in<3>          |pc<6>          |   91.193|
in<3>          |pc<7>          |   95.031|
in<3>          |pc<8>          |   98.591|
in<3>          |pc<9>          |  102.429|
in<3>          |pc<10>         |  105.989|
in<3>          |pc<11>         |  109.827|
in<3>          |pc<12>         |  113.387|
in<3>          |pc<13>         |  117.225|
in<3>          |pc<14>         |  120.785|
in<3>          |pc<15>         |  124.623|
in<4>          |address<5>     |    9.917|
in<4>          |address<6>     |   15.457|
in<4>          |address<7>     |   20.997|
in<4>          |address<8>     |   26.537|
in<4>          |address<9>     |   32.077|
in<4>          |address<10>    |   37.617|
in<4>          |address<11>    |   43.157|
in<4>          |address<12>    |   48.697|
in<4>          |address<13>    |   54.237|
in<4>          |address<15>    |   63.644|
in<4>          |out<5>         |    7.503|
in<4>          |out<6>         |   13.043|
in<4>          |out<7>         |   18.583|
in<4>          |out<8>         |   24.123|
in<4>          |out<9>         |   29.663|
in<4>          |out<10>        |   35.203|
in<4>          |out<11>        |   40.743|
in<4>          |out<12>        |   46.283|
in<4>          |out<13>        |   51.823|
in<4>          |out<14>        |   57.363|
in<4>          |out<15>        |   61.479|
in<4>          |pc<0>          |   64.605|
in<4>          |pc<1>          |   67.731|
in<4>          |pc<2>          |   70.857|
in<4>          |pc<3>          |   74.695|
in<4>          |pc<4>          |   78.255|
in<4>          |pc<5>          |   82.093|
in<4>          |pc<6>          |   85.653|
in<4>          |pc<7>          |   89.491|
in<4>          |pc<8>          |   93.051|
in<4>          |pc<9>          |   96.889|
in<4>          |pc<10>         |  100.449|
in<4>          |pc<11>         |  104.287|
in<4>          |pc<12>         |  107.847|
in<4>          |pc<13>         |  111.685|
in<4>          |pc<14>         |  115.245|
in<4>          |pc<15>         |  119.083|
in<5>          |address<6>     |    9.917|
in<5>          |address<7>     |   15.457|
in<5>          |address<8>     |   20.997|
in<5>          |address<9>     |   26.537|
in<5>          |address<10>    |   32.077|
in<5>          |address<11>    |   37.617|
in<5>          |address<12>    |   43.157|
in<5>          |address<13>    |   48.697|
in<5>          |address<15>    |   58.104|
in<5>          |out<6>         |    7.503|
in<5>          |out<7>         |   13.043|
in<5>          |out<8>         |   18.583|
in<5>          |out<9>         |   24.123|
in<5>          |out<10>        |   29.663|
in<5>          |out<11>        |   35.203|
in<5>          |out<12>        |   40.743|
in<5>          |out<13>        |   46.283|
in<5>          |out<14>        |   51.823|
in<5>          |out<15>        |   55.939|
in<5>          |pc<0>          |   59.065|
in<5>          |pc<1>          |   62.191|
in<5>          |pc<2>          |   65.317|
in<5>          |pc<3>          |   69.155|
in<5>          |pc<4>          |   72.715|
in<5>          |pc<5>          |   76.553|
in<5>          |pc<6>          |   80.113|
in<5>          |pc<7>          |   83.951|
in<5>          |pc<8>          |   87.511|
in<5>          |pc<9>          |   91.349|
in<5>          |pc<10>         |   94.909|
in<5>          |pc<11>         |   98.747|
in<5>          |pc<12>         |  102.307|
in<5>          |pc<13>         |  106.145|
in<5>          |pc<14>         |  109.705|
in<5>          |pc<15>         |  113.543|
in<6>          |address<7>     |    9.917|
in<6>          |address<8>     |   15.457|
in<6>          |address<9>     |   20.997|
in<6>          |address<10>    |   26.537|
in<6>          |address<11>    |   32.077|
in<6>          |address<12>    |   37.617|
in<6>          |address<13>    |   43.157|
in<6>          |address<15>    |   52.564|
in<6>          |out<7>         |    7.503|
in<6>          |out<8>         |   13.043|
in<6>          |out<9>         |   18.583|
in<6>          |out<10>        |   24.123|
in<6>          |out<11>        |   29.663|
in<6>          |out<12>        |   35.203|
in<6>          |out<13>        |   40.743|
in<6>          |out<14>        |   46.283|
in<6>          |out<15>        |   50.399|
in<6>          |pc<0>          |   53.525|
in<6>          |pc<1>          |   56.651|
in<6>          |pc<2>          |   59.777|
in<6>          |pc<3>          |   63.615|
in<6>          |pc<4>          |   67.175|
in<6>          |pc<5>          |   71.013|
in<6>          |pc<6>          |   74.573|
in<6>          |pc<7>          |   78.411|
in<6>          |pc<8>          |   81.971|
in<6>          |pc<9>          |   85.809|
in<6>          |pc<10>         |   89.369|
in<6>          |pc<11>         |   93.207|
in<6>          |pc<12>         |   96.767|
in<6>          |pc<13>         |  100.605|
in<6>          |pc<14>         |  104.165|
in<6>          |pc<15>         |  108.003|
in<7>          |address<8>     |    9.917|
in<7>          |address<9>     |   15.457|
in<7>          |address<10>    |   20.997|
in<7>          |address<11>    |   26.537|
in<7>          |address<12>    |   32.077|
in<7>          |address<13>    |   37.617|
in<7>          |address<15>    |   47.024|
in<7>          |out<8>         |    7.503|
in<7>          |out<9>         |   13.043|
in<7>          |out<10>        |   18.583|
in<7>          |out<11>        |   24.123|
in<7>          |out<12>        |   29.663|
in<7>          |out<13>        |   35.203|
in<7>          |out<14>        |   40.743|
in<7>          |out<15>        |   44.859|
in<7>          |pc<0>          |   47.985|
in<7>          |pc<1>          |   51.111|
in<7>          |pc<2>          |   54.237|
in<7>          |pc<3>          |   58.075|
in<7>          |pc<4>          |   61.635|
in<7>          |pc<5>          |   65.473|
in<7>          |pc<6>          |   69.033|
in<7>          |pc<7>          |   72.871|
in<7>          |pc<8>          |   76.431|
in<7>          |pc<9>          |   80.269|
in<7>          |pc<10>         |   83.829|
in<7>          |pc<11>         |   87.667|
in<7>          |pc<12>         |   91.227|
in<7>          |pc<13>         |   95.065|
in<7>          |pc<14>         |   98.625|
in<7>          |pc<15>         |  102.463|
in<8>          |address<9>     |    9.917|
in<8>          |address<10>    |   15.457|
in<8>          |address<11>    |   20.997|
in<8>          |address<12>    |   26.537|
in<8>          |address<13>    |   32.077|
in<8>          |address<15>    |   41.484|
in<8>          |out<9>         |    7.503|
in<8>          |out<10>        |   13.043|
in<8>          |out<11>        |   18.583|
in<8>          |out<12>        |   24.123|
in<8>          |out<13>        |   29.663|
in<8>          |out<14>        |   35.203|
in<8>          |out<15>        |   39.319|
in<8>          |pc<0>          |   42.445|
in<8>          |pc<1>          |   45.571|
in<8>          |pc<2>          |   48.697|
in<8>          |pc<3>          |   52.535|
in<8>          |pc<4>          |   56.095|
in<8>          |pc<5>          |   59.933|
in<8>          |pc<6>          |   63.493|
in<8>          |pc<7>          |   67.331|
in<8>          |pc<8>          |   70.891|
in<8>          |pc<9>          |   74.729|
in<8>          |pc<10>         |   78.289|
in<8>          |pc<11>         |   82.127|
in<8>          |pc<12>         |   85.687|
in<8>          |pc<13>         |   89.525|
in<8>          |pc<14>         |   93.085|
in<8>          |pc<15>         |   96.923|
in<9>          |address<10>    |    9.917|
in<9>          |address<11>    |   15.457|
in<9>          |address<12>    |   20.997|
in<9>          |address<13>    |   26.537|
in<9>          |address<15>    |   35.944|
in<9>          |out<10>        |    7.503|
in<9>          |out<11>        |   13.043|
in<9>          |out<12>        |   18.583|
in<9>          |out<13>        |   24.123|
in<9>          |out<14>        |   29.663|
in<9>          |out<15>        |   33.779|
in<9>          |pc<0>          |   36.905|
in<9>          |pc<1>          |   40.031|
in<9>          |pc<2>          |   43.157|
in<9>          |pc<3>          |   46.995|
in<9>          |pc<4>          |   50.555|
in<9>          |pc<5>          |   54.393|
in<9>          |pc<6>          |   57.953|
in<9>          |pc<7>          |   61.791|
in<9>          |pc<8>          |   65.351|
in<9>          |pc<9>          |   69.189|
in<9>          |pc<10>         |   72.749|
in<9>          |pc<11>         |   76.587|
in<9>          |pc<12>         |   80.147|
in<9>          |pc<13>         |   83.985|
in<9>          |pc<14>         |   87.545|
in<9>          |pc<15>         |   91.383|
in<10>         |address<11>    |    9.917|
in<10>         |address<12>    |   15.457|
in<10>         |address<13>    |   20.997|
in<10>         |address<15>    |   30.404|
in<10>         |out<11>        |    7.503|
in<10>         |out<12>        |   13.043|
in<10>         |out<13>        |   18.583|
in<10>         |out<14>        |   24.123|
in<10>         |out<15>        |   28.239|
in<10>         |pc<0>          |   31.365|
in<10>         |pc<1>          |   34.491|
in<10>         |pc<2>          |   37.617|
in<10>         |pc<3>          |   41.455|
in<10>         |pc<4>          |   45.015|
in<10>         |pc<5>          |   48.853|
in<10>         |pc<6>          |   52.413|
in<10>         |pc<7>          |   56.251|
in<10>         |pc<8>          |   59.811|
in<10>         |pc<9>          |   63.649|
in<10>         |pc<10>         |   67.209|
in<10>         |pc<11>         |   71.047|
in<10>         |pc<12>         |   74.607|
in<10>         |pc<13>         |   78.445|
in<10>         |pc<14>         |   82.005|
in<10>         |pc<15>         |   85.843|
in<11>         |address<12>    |    9.917|
in<11>         |address<13>    |   15.457|
in<11>         |address<15>    |   24.864|
in<11>         |out<12>        |    7.503|
in<11>         |out<13>        |   13.043|
in<11>         |out<14>        |   18.583|
in<11>         |out<15>        |   22.699|
in<11>         |pc<0>          |   25.825|
in<11>         |pc<1>          |   28.951|
in<11>         |pc<2>          |   32.077|
in<11>         |pc<3>          |   35.915|
in<11>         |pc<4>          |   39.475|
in<11>         |pc<5>          |   43.313|
in<11>         |pc<6>          |   46.873|
in<11>         |pc<7>          |   50.711|
in<11>         |pc<8>          |   54.271|
in<11>         |pc<9>          |   58.109|
in<11>         |pc<10>         |   61.669|
in<11>         |pc<11>         |   65.507|
in<11>         |pc<12>         |   69.067|
in<11>         |pc<13>         |   72.905|
in<11>         |pc<14>         |   76.465|
in<11>         |pc<15>         |   80.303|
in<12>         |address<13>    |    9.917|
in<12>         |address<15>    |   19.324|
in<12>         |out<13>        |    7.503|
in<12>         |out<14>        |   13.043|
in<12>         |out<15>        |   17.159|
in<12>         |pc<0>          |   20.285|
in<12>         |pc<1>          |   23.411|
in<12>         |pc<2>          |   26.537|
in<12>         |pc<3>          |   30.375|
in<12>         |pc<4>          |   33.935|
in<12>         |pc<5>          |   37.773|
in<12>         |pc<6>          |   41.333|
in<12>         |pc<7>          |   45.171|
in<12>         |pc<8>          |   48.731|
in<12>         |pc<9>          |   52.569|
in<12>         |pc<10>         |   56.129|
in<12>         |pc<11>         |   59.967|
in<12>         |pc<12>         |   63.527|
in<12>         |pc<13>         |   67.365|
in<12>         |pc<14>         |   70.925|
in<12>         |pc<15>         |   74.763|
in<13>         |address<15>    |   13.784|
in<13>         |out<14>        |    7.503|
in<13>         |out<15>        |   11.619|
in<13>         |pc<0>          |   14.745|
in<13>         |pc<1>          |   17.871|
in<13>         |pc<2>          |   20.997|
in<13>         |pc<3>          |   24.835|
in<13>         |pc<4>          |   28.395|
in<13>         |pc<5>          |   32.233|
in<13>         |pc<6>          |   35.793|
in<13>         |pc<7>          |   39.631|
in<13>         |pc<8>          |   43.191|
in<13>         |pc<9>          |   47.029|
in<13>         |pc<10>         |   50.589|
in<13>         |pc<11>         |   54.427|
in<13>         |pc<12>         |   57.987|
in<13>         |pc<13>         |   61.825|
in<13>         |pc<14>         |   65.385|
in<13>         |pc<15>         |   69.223|
in<14>         |address<15>    |   13.350|
in<14>         |out<14>        |    7.069|
in<14>         |out<15>        |   11.185|
in<14>         |pc<0>          |   14.311|
in<14>         |pc<1>          |   17.437|
in<14>         |pc<2>          |   20.563|
in<14>         |pc<3>          |   24.401|
in<14>         |pc<4>          |   27.961|
in<14>         |pc<5>          |   31.799|
in<14>         |pc<6>          |   35.359|
in<14>         |pc<7>          |   39.197|
in<14>         |pc<8>          |   42.757|
in<14>         |pc<9>          |   46.595|
in<14>         |pc<10>         |   50.155|
in<14>         |pc<11>         |   53.993|
in<14>         |pc<12>         |   57.553|
in<14>         |pc<13>         |   61.391|
in<14>         |pc<14>         |   64.951|
in<14>         |pc<15>         |   68.789|
in<15>         |address<15>    |    8.273|
in<15>         |out<15>        |    6.108|
in<15>         |pc<0>          |    9.234|
in<15>         |pc<1>          |   12.360|
in<15>         |pc<2>          |   15.486|
in<15>         |pc<3>          |   19.324|
in<15>         |pc<4>          |   22.884|
in<15>         |pc<5>          |   26.722|
in<15>         |pc<6>          |   30.282|
in<15>         |pc<7>          |   34.120|
in<15>         |pc<8>          |   37.680|
in<15>         |pc<9>          |   41.518|
in<15>         |pc<10>         |   45.078|
in<15>         |pc<11>         |   48.916|
in<15>         |pc<12>         |   52.476|
in<15>         |pc<13>         |   56.314|
in<15>         |pc<14>         |   59.874|
in<15>         |pc<15>         |   63.712|
istr<0>        |address<0>     |    6.791|
istr<0>        |address<2>     |   18.890|
istr<0>        |address<3>     |   24.708|
istr<0>        |address<4>     |   30.248|
istr<0>        |address<5>     |   35.788|
istr<0>        |address<6>     |   41.328|
istr<0>        |address<7>     |   46.868|
istr<0>        |address<8>     |   52.408|
istr<0>        |address<9>     |   57.948|
istr<0>        |address<10>    |   63.488|
istr<0>        |address<11>    |   69.028|
istr<0>        |address<12>    |   74.568|
istr<0>        |address<13>    |   80.108|
istr<0>        |address<15>    |   89.515|
istr<0>        |out<0>         |    8.956|
istr<0>        |out<1>         |   12.360|
istr<0>        |out<2>         |   16.476|
istr<0>        |out<3>         |   22.294|
istr<0>        |out<4>         |   27.834|
istr<0>        |out<5>         |   33.374|
istr<0>        |out<6>         |   38.914|
istr<0>        |out<7>         |   44.454|
istr<0>        |out<8>         |   49.994|
istr<0>        |out<9>         |   55.534|
istr<0>        |out<10>        |   61.074|
istr<0>        |out<11>        |   66.614|
istr<0>        |out<12>        |   72.154|
istr<0>        |out<13>        |   77.694|
istr<0>        |out<14>        |   83.234|
istr<0>        |out<15>        |   87.350|
istr<0>        |pc<0>          |   90.476|
istr<0>        |pc<1>          |   93.602|
istr<0>        |pc<2>          |   96.728|
istr<0>        |pc<3>          |  100.566|
istr<0>        |pc<4>          |  104.126|
istr<0>        |pc<5>          |  107.964|
istr<0>        |pc<6>          |  111.524|
istr<0>        |pc<7>          |  115.362|
istr<0>        |pc<8>          |  118.922|
istr<0>        |pc<9>          |  122.760|
istr<0>        |pc<10>         |  126.320|
istr<0>        |pc<11>         |  130.158|
istr<0>        |pc<12>         |  133.718|
istr<0>        |pc<13>         |  137.556|
istr<0>        |pc<14>         |  141.116|
istr<0>        |pc<15>         |  144.954|
istr<1>        |address<1>     |    6.791|
istr<1>        |address<2>     |   15.052|
istr<1>        |address<3>     |   20.870|
istr<1>        |address<4>     |   26.410|
istr<1>        |address<5>     |   31.950|
istr<1>        |address<6>     |   37.490|
istr<1>        |address<7>     |   43.030|
istr<1>        |address<8>     |   48.570|
istr<1>        |address<9>     |   54.110|
istr<1>        |address<10>    |   59.650|
istr<1>        |address<11>    |   65.190|
istr<1>        |address<12>    |   70.730|
istr<1>        |address<13>    |   76.270|
istr<1>        |address<15>    |   85.677|
istr<1>        |out<1>         |    8.522|
istr<1>        |out<2>         |   12.638|
istr<1>        |out<3>         |   18.456|
istr<1>        |out<4>         |   23.996|
istr<1>        |out<5>         |   29.536|
istr<1>        |out<6>         |   35.076|
istr<1>        |out<7>         |   40.616|
istr<1>        |out<8>         |   46.156|
istr<1>        |out<9>         |   51.696|
istr<1>        |out<10>        |   57.236|
istr<1>        |out<11>        |   62.776|
istr<1>        |out<12>        |   68.316|
istr<1>        |out<13>        |   73.856|
istr<1>        |out<14>        |   79.396|
istr<1>        |out<15>        |   83.512|
istr<1>        |pc<0>          |   86.638|
istr<1>        |pc<1>          |   89.764|
istr<1>        |pc<2>          |   92.890|
istr<1>        |pc<3>          |   96.728|
istr<1>        |pc<4>          |  100.288|
istr<1>        |pc<5>          |  104.126|
istr<1>        |pc<6>          |  107.686|
istr<1>        |pc<7>          |  111.524|
istr<1>        |pc<8>          |  115.084|
istr<1>        |pc<9>          |  118.922|
istr<1>        |pc<10>         |  122.482|
istr<1>        |pc<11>         |  126.320|
istr<1>        |pc<12>         |  129.880|
istr<1>        |pc<13>         |  133.718|
istr<1>        |pc<14>         |  137.278|
istr<1>        |pc<15>         |  141.116|
istr<2>        |address<2>     |    6.791|
istr<2>        |address<3>     |   12.609|
istr<2>        |address<4>     |   18.149|
istr<2>        |address<5>     |   23.689|
istr<2>        |address<6>     |   29.229|
istr<2>        |address<7>     |   34.769|
istr<2>        |address<8>     |   40.309|
istr<2>        |address<9>     |   45.849|
istr<2>        |address<10>    |   51.389|
istr<2>        |address<11>    |   56.929|
istr<2>        |address<12>    |   62.469|
istr<2>        |address<13>    |   68.009|
istr<2>        |address<15>    |   77.416|
istr<2>        |out<3>         |   10.195|
istr<2>        |out<4>         |   15.735|
istr<2>        |out<5>         |   21.275|
istr<2>        |out<6>         |   26.815|
istr<2>        |out<7>         |   32.355|
istr<2>        |out<8>         |   37.895|
istr<2>        |out<9>         |   43.435|
istr<2>        |out<10>        |   48.975|
istr<2>        |out<11>        |   54.515|
istr<2>        |out<12>        |   60.055|
istr<2>        |out<13>        |   65.595|
istr<2>        |out<14>        |   71.135|
istr<2>        |out<15>        |   75.251|
istr<2>        |pc<0>          |   78.377|
istr<2>        |pc<1>          |   81.503|
istr<2>        |pc<2>          |   84.629|
istr<2>        |pc<3>          |   88.467|
istr<2>        |pc<4>          |   92.027|
istr<2>        |pc<5>          |   95.865|
istr<2>        |pc<6>          |   99.425|
istr<2>        |pc<7>          |  103.263|
istr<2>        |pc<8>          |  106.823|
istr<2>        |pc<9>          |  110.661|
istr<2>        |pc<10>         |  114.221|
istr<2>        |pc<11>         |  118.059|
istr<2>        |pc<12>         |  121.619|
istr<2>        |pc<13>         |  125.457|
istr<2>        |pc<14>         |  129.017|
istr<2>        |pc<15>         |  132.855|
istr<3>        |address<3>     |    6.791|
istr<3>        |address<4>     |   12.331|
istr<3>        |address<5>     |   17.871|
istr<3>        |address<6>     |   23.411|
istr<3>        |address<7>     |   28.951|
istr<3>        |address<8>     |   34.491|
istr<3>        |address<9>     |   40.031|
istr<3>        |address<10>    |   45.571|
istr<3>        |address<11>    |   51.111|
istr<3>        |address<12>    |   56.651|
istr<3>        |address<13>    |   62.191|
istr<3>        |address<15>    |   71.598|
istr<3>        |out<4>         |    9.917|
istr<3>        |out<5>         |   15.457|
istr<3>        |out<6>         |   20.997|
istr<3>        |out<7>         |   26.537|
istr<3>        |out<8>         |   32.077|
istr<3>        |out<9>         |   37.617|
istr<3>        |out<10>        |   43.157|
istr<3>        |out<11>        |   48.697|
istr<3>        |out<12>        |   54.237|
istr<3>        |out<13>        |   59.777|
istr<3>        |out<14>        |   65.317|
istr<3>        |out<15>        |   69.433|
istr<3>        |pc<0>          |   72.559|
istr<3>        |pc<1>          |   75.685|
istr<3>        |pc<2>          |   78.811|
istr<3>        |pc<3>          |   82.649|
istr<3>        |pc<4>          |   86.209|
istr<3>        |pc<5>          |   90.047|
istr<3>        |pc<6>          |   93.607|
istr<3>        |pc<7>          |   97.445|
istr<3>        |pc<8>          |  101.005|
istr<3>        |pc<9>          |  104.843|
istr<3>        |pc<10>         |  108.403|
istr<3>        |pc<11>         |  112.241|
istr<3>        |pc<12>         |  115.801|
istr<3>        |pc<13>         |  119.639|
istr<3>        |pc<14>         |  123.199|
istr<3>        |pc<15>         |  127.037|
istr<3>        |write          |    5.089|
istr<4>        |address<2>     |   15.486|
istr<4>        |address<3>     |   21.304|
istr<4>        |address<4>     |   26.844|
istr<4>        |address<5>     |   32.384|
istr<4>        |address<6>     |   37.924|
istr<4>        |address<7>     |   43.464|
istr<4>        |address<8>     |   49.004|
istr<4>        |address<9>     |   54.544|
istr<4>        |address<10>    |   60.084|
istr<4>        |address<11>    |   65.624|
istr<4>        |address<12>    |   71.164|
istr<4>        |address<13>    |   76.704|
istr<4>        |address<15>    |   86.111|
istr<4>        |out<1>         |    8.956|
istr<4>        |out<2>         |   13.072|
istr<4>        |out<3>         |   18.890|
istr<4>        |out<4>         |   24.430|
istr<4>        |out<5>         |   29.970|
istr<4>        |out<6>         |   35.510|
istr<4>        |out<7>         |   41.050|
istr<4>        |out<8>         |   46.590|
istr<4>        |out<9>         |   52.130|
istr<4>        |out<10>        |   57.670|
istr<4>        |out<11>        |   63.210|
istr<4>        |out<12>        |   68.750|
istr<4>        |out<13>        |   74.290|
istr<4>        |out<14>        |   79.830|
istr<4>        |out<15>        |   83.946|
istr<4>        |pc<0>          |   87.072|
istr<4>        |pc<1>          |   90.198|
istr<4>        |pc<2>          |   93.324|
istr<4>        |pc<3>          |   97.162|
istr<4>        |pc<4>          |  100.722|
istr<4>        |pc<5>          |  104.560|
istr<4>        |pc<6>          |  108.120|
istr<4>        |pc<7>          |  111.958|
istr<4>        |pc<8>          |  115.518|
istr<4>        |pc<9>          |  119.356|
istr<4>        |pc<10>         |  122.916|
istr<4>        |pc<11>         |  126.754|
istr<4>        |pc<12>         |  130.314|
istr<4>        |pc<13>         |  134.152|
istr<4>        |pc<14>         |  137.712|
istr<4>        |pc<15>         |  141.550|
istr<5>        |address<0>     |    7.254|
istr<5>        |address<1>     |    7.254|
istr<5>        |address<2>     |   19.353|
istr<5>        |address<3>     |   25.171|
istr<5>        |address<4>     |   30.711|
istr<5>        |address<5>     |   36.251|
istr<5>        |address<6>     |   41.791|
istr<5>        |address<7>     |   47.331|
istr<5>        |address<8>     |   52.871|
istr<5>        |address<9>     |   58.411|
istr<5>        |address<10>    |   63.951|
istr<5>        |address<11>    |   69.491|
istr<5>        |address<12>    |   75.031|
istr<5>        |address<13>    |   80.571|
istr<5>        |address<14>    |    7.254|
istr<5>        |address<15>    |   89.978|
istr<5>        |out<0>         |    9.419|
istr<5>        |out<1>         |   12.823|
istr<5>        |out<2>         |   16.939|
istr<5>        |out<3>         |   22.757|
istr<5>        |out<4>         |   28.297|
istr<5>        |out<5>         |   33.837|
istr<5>        |out<6>         |   39.377|
istr<5>        |out<7>         |   44.917|
istr<5>        |out<8>         |   50.457|
istr<5>        |out<9>         |   55.997|
istr<5>        |out<10>        |   61.537|
istr<5>        |out<11>        |   67.077|
istr<5>        |out<12>        |   72.617|
istr<5>        |out<13>        |   78.157|
istr<5>        |out<14>        |   83.697|
istr<5>        |out<15>        |   87.813|
istr<5>        |pc<0>          |   90.939|
istr<5>        |pc<1>          |   94.065|
istr<5>        |pc<2>          |   97.191|
istr<5>        |pc<3>          |  101.029|
istr<5>        |pc<4>          |  104.589|
istr<5>        |pc<5>          |  108.427|
istr<5>        |pc<6>          |  111.987|
istr<5>        |pc<7>          |  115.825|
istr<5>        |pc<8>          |  119.385|
istr<5>        |pc<9>          |  123.223|
istr<5>        |pc<10>         |  126.783|
istr<5>        |pc<11>         |  130.621|
istr<5>        |pc<12>         |  134.181|
istr<5>        |pc<13>         |  138.019|
istr<5>        |pc<14>         |  141.579|
istr<5>        |pc<15>         |  145.417|
istr<6>        |address<2>     |   13.321|
istr<6>        |address<3>     |   19.139|
istr<6>        |address<4>     |   24.679|
istr<6>        |address<5>     |   30.219|
istr<6>        |address<6>     |   35.759|
istr<6>        |address<7>     |   41.299|
istr<6>        |address<8>     |   46.839|
istr<6>        |address<9>     |   52.379|
istr<6>        |address<10>    |   57.919|
istr<6>        |address<11>    |   63.459|
istr<6>        |address<12>    |   68.999|
istr<6>        |address<13>    |   74.539|
istr<6>        |address<15>    |   83.946|
istr<6>        |out<1>         |    6.791|
istr<6>        |out<2>         |   10.907|
istr<6>        |out<3>         |   16.725|
istr<6>        |out<4>         |   22.265|
istr<6>        |out<5>         |   27.805|
istr<6>        |out<6>         |   33.345|
istr<6>        |out<7>         |   38.885|
istr<6>        |out<8>         |   44.425|
istr<6>        |out<9>         |   49.965|
istr<6>        |out<10>        |   55.505|
istr<6>        |out<11>        |   61.045|
istr<6>        |out<12>        |   66.585|
istr<6>        |out<13>        |   72.125|
istr<6>        |out<14>        |   77.665|
istr<6>        |out<15>        |   81.781|
istr<6>        |pc<0>          |   84.907|
istr<6>        |pc<1>          |   88.033|
istr<6>        |pc<2>          |   91.159|
istr<6>        |pc<3>          |   94.997|
istr<6>        |pc<4>          |   98.557|
istr<6>        |pc<5>          |  102.395|
istr<6>        |pc<6>          |  105.955|
istr<6>        |pc<7>          |  109.793|
istr<6>        |pc<8>          |  113.353|
istr<6>        |pc<9>          |  117.191|
istr<6>        |pc<10>         |  120.751|
istr<6>        |pc<11>         |  124.589|
istr<6>        |pc<12>         |  128.149|
istr<6>        |pc<13>         |  131.987|
istr<6>        |pc<14>         |  135.547|
istr<6>        |pc<15>         |  139.385|
istr<7>        |address<2>     |   13.321|
istr<7>        |address<3>     |   19.139|
istr<7>        |address<4>     |   24.679|
istr<7>        |address<5>     |   30.219|
istr<7>        |address<6>     |   35.759|
istr<7>        |address<7>     |   41.299|
istr<7>        |address<8>     |   46.839|
istr<7>        |address<9>     |   52.379|
istr<7>        |address<10>    |   57.919|
istr<7>        |address<11>    |   63.459|
istr<7>        |address<12>    |   68.999|
istr<7>        |address<13>    |   74.539|
istr<7>        |address<15>    |   83.946|
istr<7>        |out<1>         |    6.791|
istr<7>        |out<2>         |   10.907|
istr<7>        |out<3>         |   16.725|
istr<7>        |out<4>         |   22.265|
istr<7>        |out<5>         |   27.805|
istr<7>        |out<6>         |   33.345|
istr<7>        |out<7>         |   38.885|
istr<7>        |out<8>         |   44.425|
istr<7>        |out<9>         |   49.965|
istr<7>        |out<10>        |   55.505|
istr<7>        |out<11>        |   61.045|
istr<7>        |out<12>        |   66.585|
istr<7>        |out<13>        |   72.125|
istr<7>        |out<14>        |   77.665|
istr<7>        |out<15>        |   81.781|
istr<7>        |pc<0>          |   84.907|
istr<7>        |pc<1>          |   88.033|
istr<7>        |pc<2>          |   91.159|
istr<7>        |pc<3>          |   94.997|
istr<7>        |pc<4>          |   98.557|
istr<7>        |pc<5>          |  102.395|
istr<7>        |pc<6>          |  105.955|
istr<7>        |pc<7>          |  109.793|
istr<7>        |pc<8>          |  113.353|
istr<7>        |pc<9>          |  117.191|
istr<7>        |pc<10>         |  120.751|
istr<7>        |pc<11>         |  124.589|
istr<7>        |pc<12>         |  128.149|
istr<7>        |pc<13>         |  131.987|
istr<7>        |pc<14>         |  135.547|
istr<7>        |pc<15>         |  139.385|
istr<8>        |address<2>     |   16.013|
istr<8>        |address<3>     |   21.831|
istr<8>        |address<4>     |   27.371|
istr<8>        |address<5>     |   32.911|
istr<8>        |address<6>     |   38.451|
istr<8>        |address<7>     |   43.991|
istr<8>        |address<8>     |   49.531|
istr<8>        |address<9>     |   55.071|
istr<8>        |address<10>    |   60.611|
istr<8>        |address<11>    |   66.151|
istr<8>        |address<12>    |   71.691|
istr<8>        |address<13>    |   77.231|
istr<8>        |address<15>    |   86.638|
istr<8>        |out<0>         |    6.079|
istr<8>        |out<1>         |    9.483|
istr<8>        |out<2>         |   13.599|
istr<8>        |out<3>         |   19.417|
istr<8>        |out<4>         |   24.957|
istr<8>        |out<5>         |   30.497|
istr<8>        |out<6>         |   36.037|
istr<8>        |out<7>         |   41.577|
istr<8>        |out<8>         |   47.117|
istr<8>        |out<9>         |   52.657|
istr<8>        |out<10>        |   58.197|
istr<8>        |out<11>        |   63.737|
istr<8>        |out<12>        |   69.277|
istr<8>        |out<13>        |   74.817|
istr<8>        |out<14>        |   80.357|
istr<8>        |out<15>        |   84.473|
istr<8>        |pc<0>          |   87.599|
istr<8>        |pc<1>          |   90.725|
istr<8>        |pc<2>          |   93.851|
istr<8>        |pc<3>          |   97.689|
istr<8>        |pc<4>          |  101.249|
istr<8>        |pc<5>          |  105.087|
istr<8>        |pc<6>          |  108.647|
istr<8>        |pc<7>          |  112.485|
istr<8>        |pc<8>          |  116.045|
istr<8>        |pc<9>          |  119.883|
istr<8>        |pc<10>         |  123.443|
istr<8>        |pc<11>         |  127.281|
istr<8>        |pc<12>         |  130.841|
istr<8>        |pc<13>         |  134.679|
istr<8>        |pc<14>         |  138.239|
istr<8>        |pc<15>         |  142.077|
istr<9>        |address<2>     |   16.013|
istr<9>        |address<3>     |   21.831|
istr<9>        |address<4>     |   27.371|
istr<9>        |address<5>     |   32.911|
istr<9>        |address<6>     |   38.451|
istr<9>        |address<7>     |   43.991|
istr<9>        |address<8>     |   49.531|
istr<9>        |address<9>     |   55.071|
istr<9>        |address<10>    |   60.611|
istr<9>        |address<11>    |   66.151|
istr<9>        |address<12>    |   71.691|
istr<9>        |address<13>    |   77.231|
istr<9>        |address<15>    |   86.638|
istr<9>        |out<0>         |    6.079|
istr<9>        |out<1>         |    9.483|
istr<9>        |out<2>         |   13.599|
istr<9>        |out<3>         |   19.417|
istr<9>        |out<4>         |   24.957|
istr<9>        |out<5>         |   30.497|
istr<9>        |out<6>         |   36.037|
istr<9>        |out<7>         |   41.577|
istr<9>        |out<8>         |   47.117|
istr<9>        |out<9>         |   52.657|
istr<9>        |out<10>        |   58.197|
istr<9>        |out<11>        |   63.737|
istr<9>        |out<12>        |   69.277|
istr<9>        |out<13>        |   74.817|
istr<9>        |out<14>        |   80.357|
istr<9>        |out<15>        |   84.473|
istr<9>        |pc<0>          |   87.599|
istr<9>        |pc<1>          |   90.725|
istr<9>        |pc<2>          |   93.851|
istr<9>        |pc<3>          |   97.689|
istr<9>        |pc<4>          |  101.249|
istr<9>        |pc<5>          |  105.087|
istr<9>        |pc<6>          |  108.647|
istr<9>        |pc<7>          |  112.485|
istr<9>        |pc<8>          |  116.045|
istr<9>        |pc<9>          |  119.883|
istr<9>        |pc<10>         |  123.443|
istr<9>        |pc<11>         |  127.281|
istr<9>        |pc<12>         |  130.841|
istr<9>        |pc<13>         |  134.679|
istr<9>        |pc<14>         |  138.239|
istr<9>        |pc<15>         |  142.077|
istr<10>       |address<2>     |   16.013|
istr<10>       |address<3>     |   21.831|
istr<10>       |address<4>     |   27.371|
istr<10>       |address<5>     |   32.911|
istr<10>       |address<6>     |   38.451|
istr<10>       |address<7>     |   43.991|
istr<10>       |address<8>     |   49.531|
istr<10>       |address<9>     |   55.071|
istr<10>       |address<10>    |   60.611|
istr<10>       |address<11>    |   66.151|
istr<10>       |address<12>    |   71.691|
istr<10>       |address<13>    |   77.231|
istr<10>       |address<15>    |   86.638|
istr<10>       |out<0>         |    6.079|
istr<10>       |out<1>         |    9.483|
istr<10>       |out<2>         |   13.599|
istr<10>       |out<3>         |   19.417|
istr<10>       |out<4>         |   24.957|
istr<10>       |out<5>         |   30.497|
istr<10>       |out<6>         |   36.037|
istr<10>       |out<7>         |   41.577|
istr<10>       |out<8>         |   47.117|
istr<10>       |out<9>         |   52.657|
istr<10>       |out<10>        |   58.197|
istr<10>       |out<11>        |   63.737|
istr<10>       |out<12>        |   69.277|
istr<10>       |out<13>        |   74.817|
istr<10>       |out<14>        |   80.357|
istr<10>       |out<15>        |   84.473|
istr<10>       |pc<0>          |   87.599|
istr<10>       |pc<1>          |   90.725|
istr<10>       |pc<2>          |   93.851|
istr<10>       |pc<3>          |   97.689|
istr<10>       |pc<4>          |  101.249|
istr<10>       |pc<5>          |  105.087|
istr<10>       |pc<6>          |  108.647|
istr<10>       |pc<7>          |  112.485|
istr<10>       |pc<8>          |  116.045|
istr<10>       |pc<9>          |  119.883|
istr<10>       |pc<10>         |  123.443|
istr<10>       |pc<11>         |  127.281|
istr<10>       |pc<12>         |  130.841|
istr<10>       |pc<13>         |  134.679|
istr<10>       |pc<14>         |  138.239|
istr<10>       |pc<15>         |  142.077|
istr<11>       |address<0>     |    6.791|
istr<11>       |address<2>     |   18.890|
istr<11>       |address<3>     |   24.708|
istr<11>       |address<4>     |   30.248|
istr<11>       |address<5>     |   35.788|
istr<11>       |address<6>     |   41.328|
istr<11>       |address<7>     |   46.868|
istr<11>       |address<8>     |   52.408|
istr<11>       |address<9>     |   57.948|
istr<11>       |address<10>    |   63.488|
istr<11>       |address<11>    |   69.028|
istr<11>       |address<12>    |   74.568|
istr<11>       |address<13>    |   80.108|
istr<11>       |address<15>    |   89.515|
istr<11>       |out<0>         |    8.956|
istr<11>       |out<1>         |   12.360|
istr<11>       |out<2>         |   16.476|
istr<11>       |out<3>         |   22.294|
istr<11>       |out<4>         |   27.834|
istr<11>       |out<5>         |   33.374|
istr<11>       |out<6>         |   38.914|
istr<11>       |out<7>         |   44.454|
istr<11>       |out<8>         |   49.994|
istr<11>       |out<9>         |   55.534|
istr<11>       |out<10>        |   61.074|
istr<11>       |out<11>        |   66.614|
istr<11>       |out<12>        |   72.154|
istr<11>       |out<13>        |   77.694|
istr<11>       |out<14>        |   83.234|
istr<11>       |out<15>        |   87.350|
istr<11>       |pc<0>          |   90.476|
istr<11>       |pc<1>          |   93.602|
istr<11>       |pc<2>          |   96.728|
istr<11>       |pc<3>          |  100.566|
istr<11>       |pc<4>          |  104.126|
istr<11>       |pc<5>          |  107.964|
istr<11>       |pc<6>          |  111.524|
istr<11>       |pc<7>          |  115.362|
istr<11>       |pc<8>          |  118.922|
istr<11>       |pc<9>          |  122.760|
istr<11>       |pc<10>         |  126.320|
istr<11>       |pc<11>         |  130.158|
istr<11>       |pc<12>         |  133.718|
istr<11>       |pc<13>         |  137.556|
istr<11>       |pc<14>         |  141.116|
istr<11>       |pc<15>         |  144.954|
istr<12>       |address<2>     |   16.476|
istr<12>       |address<3>     |   22.294|
istr<12>       |address<4>     |   27.834|
istr<12>       |address<5>     |   33.374|
istr<12>       |address<6>     |   38.914|
istr<12>       |address<7>     |   44.454|
istr<12>       |address<8>     |   49.994|
istr<12>       |address<9>     |   55.534|
istr<12>       |address<10>    |   61.074|
istr<12>       |address<11>    |   66.614|
istr<12>       |address<12>    |   72.154|
istr<12>       |address<13>    |   77.694|
istr<12>       |address<15>    |   87.101|
istr<12>       |out<0>         |    6.542|
istr<12>       |out<1>         |    9.946|
istr<12>       |out<2>         |   14.062|
istr<12>       |out<3>         |   19.880|
istr<12>       |out<4>         |   25.420|
istr<12>       |out<5>         |   30.960|
istr<12>       |out<6>         |   36.500|
istr<12>       |out<7>         |   42.040|
istr<12>       |out<8>         |   47.580|
istr<12>       |out<9>         |   53.120|
istr<12>       |out<10>        |   58.660|
istr<12>       |out<11>        |   64.200|
istr<12>       |out<12>        |   69.740|
istr<12>       |out<13>        |   75.280|
istr<12>       |out<14>        |   80.820|
istr<12>       |out<15>        |   84.936|
istr<12>       |pc<0>          |   88.062|
istr<12>       |pc<1>          |   91.188|
istr<12>       |pc<2>          |   94.314|
istr<12>       |pc<3>          |   98.152|
istr<12>       |pc<4>          |  101.712|
istr<12>       |pc<5>          |  105.550|
istr<12>       |pc<6>          |  109.110|
istr<12>       |pc<7>          |  112.948|
istr<12>       |pc<8>          |  116.508|
istr<12>       |pc<9>          |  120.346|
istr<12>       |pc<10>         |  123.906|
istr<12>       |pc<11>         |  127.744|
istr<12>       |pc<12>         |  131.304|
istr<12>       |pc<13>         |  135.142|
istr<12>       |pc<14>         |  138.702|
istr<12>       |pc<15>         |  142.540|
istr<13>       |address<13>    |    6.791|
istr<13>       |address<15>    |   16.198|
istr<13>       |out<14>        |    9.917|
istr<13>       |out<15>        |   14.033|
istr<13>       |pc<0>          |   17.159|
istr<13>       |pc<1>          |   20.285|
istr<13>       |pc<2>          |   23.411|
istr<13>       |pc<3>          |   27.249|
istr<13>       |pc<4>          |   30.809|
istr<13>       |pc<5>          |   34.647|
istr<13>       |pc<6>          |   38.207|
istr<13>       |pc<7>          |   42.045|
istr<13>       |pc<8>          |   45.605|
istr<13>       |pc<9>          |   49.443|
istr<13>       |pc<10>         |   53.003|
istr<13>       |pc<11>         |   56.841|
istr<13>       |pc<12>         |   60.401|
istr<13>       |pc<13>         |   64.239|
istr<13>       |pc<14>         |   67.799|
istr<13>       |pc<15>         |   71.637|
istr<14>       |address<14>    |    6.791|
istr<14>       |address<15>    |   15.764|
istr<14>       |out<14>        |    9.483|
istr<14>       |out<15>        |   13.599|
istr<14>       |pc<0>          |   16.725|
istr<14>       |pc<1>          |   19.851|
istr<14>       |pc<2>          |   22.977|
istr<14>       |pc<3>          |   26.815|
istr<14>       |pc<4>          |   30.375|
istr<14>       |pc<5>          |   34.213|
istr<14>       |pc<6>          |   37.773|
istr<14>       |pc<7>          |   41.611|
istr<14>       |pc<8>          |   45.171|
istr<14>       |pc<9>          |   49.009|
istr<14>       |pc<10>         |   52.569|
istr<14>       |pc<11>         |   56.407|
istr<14>       |pc<12>         |   59.967|
istr<14>       |pc<13>         |   63.805|
istr<14>       |pc<14>         |   67.365|
istr<14>       |pc<15>         |   71.203|
istr<15>       |address<0>     |    7.254|
istr<15>       |address<1>     |    7.254|
istr<15>       |address<2>     |   19.353|
istr<15>       |address<3>     |   25.171|
istr<15>       |address<4>     |   30.711|
istr<15>       |address<5>     |   36.251|
istr<15>       |address<6>     |   41.791|
istr<15>       |address<7>     |   47.331|
istr<15>       |address<8>     |   52.871|
istr<15>       |address<9>     |   58.411|
istr<15>       |address<10>    |   63.951|
istr<15>       |address<11>    |   69.491|
istr<15>       |address<12>    |   75.031|
istr<15>       |address<13>    |   80.571|
istr<15>       |address<14>    |    7.254|
istr<15>       |address<15>    |   89.978|
istr<15>       |out<0>         |    9.419|
istr<15>       |out<1>         |   12.823|
istr<15>       |out<2>         |   16.939|
istr<15>       |out<3>         |   22.757|
istr<15>       |out<4>         |   28.297|
istr<15>       |out<5>         |   33.837|
istr<15>       |out<6>         |   39.377|
istr<15>       |out<7>         |   44.917|
istr<15>       |out<8>         |   50.457|
istr<15>       |out<9>         |   55.997|
istr<15>       |out<10>        |   61.537|
istr<15>       |out<11>        |   67.077|
istr<15>       |out<12>        |   72.617|
istr<15>       |out<13>        |   78.157|
istr<15>       |out<14>        |   83.697|
istr<15>       |out<15>        |   87.813|
istr<15>       |pc<0>          |   90.939|
istr<15>       |pc<1>          |   94.065|
istr<15>       |pc<2>          |   97.191|
istr<15>       |pc<3>          |  101.029|
istr<15>       |pc<4>          |  104.589|
istr<15>       |pc<5>          |  108.427|
istr<15>       |pc<6>          |  111.987|
istr<15>       |pc<7>          |  115.825|
istr<15>       |pc<8>          |  119.385|
istr<15>       |pc<9>          |  123.223|
istr<15>       |pc<10>         |  126.783|
istr<15>       |pc<11>         |  130.621|
istr<15>       |pc<12>         |  134.181|
istr<15>       |pc<13>         |  138.019|
istr<15>       |pc<14>         |  141.579|
istr<15>       |pc<15>         |  145.417|
istr<15>       |write          |    5.089|
reset          |pc<0>          |    5.089|
reset          |pc<1>          |    8.215|
reset          |pc<2>          |   11.341|
reset          |pc<3>          |   15.179|
reset          |pc<4>          |   18.739|
reset          |pc<5>          |   22.577|
reset          |pc<6>          |   26.137|
reset          |pc<7>          |   29.975|
reset          |pc<8>          |   33.535|
reset          |pc<9>          |   37.373|
reset          |pc<10>         |   40.933|
reset          |pc<11>         |   44.771|
reset          |pc<12>         |   48.331|
reset          |pc<13>         |   52.169|
reset          |pc<14>         |   55.729|
reset          |pc<15>         |   59.567|
---------------+---------------+---------+


Analysis completed Mon Apr 04 21:02:50 2016 
--------------------------------------------------------------------------------

Trace Settings:
-------------------------
Trace Settings 

Peak Memory Usage: 153 MB



