--------------------------------------------------------------------------------
Release 14.2 Trace  (nt64)
Copyright (c) 1995-2012 Xilinx, Inc.  All rights reserved.

C:\Xilinx\14.2\ISE_DS\ISE\bin\nt64\unwrapped\trce.exe -intstyle ise -v 3 -s 5
-n 3 -fastpaths -xml newalu_preroute.twx newalu_map.ncd -o newalu_preroute.twr
newalu.pcf -ucf demux_16_21.ucf

Design file:              newalu_map.ncd
Physical constraint file: newalu.pcf
Device,package,speed:     xc3s100e,vq100,-5 (PRODUCTION 1.27 2012-07-09)
Report level:             verbose report

Environment Variable      Effect 
--------------------      ------ 
NONE                      No environment variables were set
--------------------------------------------------------------------------------

INFO:Timing:2698 - No timing constraints found, doing default enumeration.
INFO:Timing:3412 - To improve timing, see the Timing Closure User Guide (UG612).
INFO:Timing:2752 - To get complete path coverage, use the unconstrained paths 
   option. All paths that are not constrained will be reported in the 
   unconstrained paths section(s) of the report.
INFO:Timing:3284 - This timing report was generated using estimated delay 
   information.  For accurate numbers, please refer to the post Place and Route 
   timing report.
INFO:Timing:3339 - The clock-to-out numbers in this timing report are based on 
   a 50 Ohm transmission line loading model.  For the details of this model, 
   and for more information on accounting for different loading conditions, 
   please see the device datasheet.
INFO:Timing:3390 - This architecture does not support a default System Jitter 
   value, please add SYSTEM_JITTER constraint to the UCF to modify the Clock 
   Uncertainty calculation.
INFO:Timing:3389 - This architecture does not support 'Discrete Jitter' and 
   'Phase Error' calculations, these terms will be zero in the Clock 
   Uncertainty calculation.  Please make appropriate modification to 
   SYSTEM_JITTER to account for the unsupported Discrete Jitter and Phase 
   Error.



Data Sheet report:
-----------------
All values displayed in nanoseconds (ns)

Pad to Pad
---------------+---------------+---------+
Source Pad     |Destination Pad|  Delay  |
---------------+---------------+---------+
c<0>           |ng             |   16.481|
c<0>           |out<0>         |    5.830|
c<0>           |out<1>         |    6.079|
c<0>           |out<2>         |    6.791|
c<0>           |out<3>         |    7.503|
c<0>           |out<4>         |    8.215|
c<0>           |out<5>         |    8.927|
c<0>           |out<6>         |    9.639|
c<0>           |out<7>         |   10.351|
c<0>           |out<8>         |   11.063|
c<0>           |out<9>         |   11.775|
c<0>           |out<10>        |   12.487|
c<0>           |out<11>        |   13.199|
c<0>           |out<12>        |   13.911|
c<0>           |out<13>        |   14.623|
c<0>           |out<14>        |   15.335|
c<0>           |out<15>        |   16.481|
c<0>           |zr             |   17.193|
c<1>           |ng             |   16.481|
c<1>           |out<0>         |    5.367|
c<1>           |out<1>         |    6.079|
c<1>           |out<2>         |    6.791|
c<1>           |out<3>         |    7.503|
c<1>           |out<4>         |    8.215|
c<1>           |out<5>         |    8.927|
c<1>           |out<6>         |    9.639|
c<1>           |out<7>         |   10.351|
c<1>           |out<8>         |   11.063|
c<1>           |out<9>         |   11.775|
c<1>           |out<10>        |   12.487|
c<1>           |out<11>        |   13.199|
c<1>           |out<12>        |   13.911|
c<1>           |out<13>        |   14.623|
c<1>           |out<14>        |   15.335|
c<1>           |out<15>        |   16.481|
c<1>           |zr             |   17.193|
c<2>           |ng             |   17.193|
c<2>           |out<0>         |    6.079|
c<2>           |out<1>         |    6.542|
c<2>           |out<2>         |    7.503|
c<2>           |out<3>         |    8.215|
c<2>           |out<4>         |    8.927|
c<2>           |out<5>         |    9.639|
c<2>           |out<6>         |   10.351|
c<2>           |out<7>         |   11.063|
c<2>           |out<8>         |   11.775|
c<2>           |out<9>         |   12.487|
c<2>           |out<10>        |   13.199|
c<2>           |out<11>        |   13.911|
c<2>           |out<12>        |   14.623|
c<2>           |out<13>        |   15.335|
c<2>           |out<14>        |   16.047|
c<2>           |out<15>        |   17.193|
c<2>           |zr             |   17.905|
c<3>           |ng             |   17.193|
c<3>           |out<0>         |    6.079|
c<3>           |out<1>         |    6.542|
c<3>           |out<2>         |    7.503|
c<3>           |out<3>         |    8.215|
c<3>           |out<4>         |    8.927|
c<3>           |out<5>         |    9.639|
c<3>           |out<6>         |   10.351|
c<3>           |out<7>         |   11.063|
c<3>           |out<8>         |   11.775|
c<3>           |out<9>         |   12.487|
c<3>           |out<10>        |   13.199|
c<3>           |out<11>        |   13.911|
c<3>           |out<12>        |   14.623|
c<3>           |out<13>        |   15.335|
c<3>           |out<14>        |   16.047|
c<3>           |out<15>        |   17.193|
c<3>           |zr             |   17.905|
c<4>           |ng             |    5.801|
c<4>           |out<0>         |    5.367|
c<4>           |out<1>         |    5.367|
c<4>           |out<2>         |    5.367|
c<4>           |out<3>         |    5.367|
c<4>           |out<4>         |    5.367|
c<4>           |out<5>         |    5.367|
c<4>           |out<6>         |    5.367|
c<4>           |out<7>         |    5.367|
c<4>           |out<8>         |    5.367|
c<4>           |out<9>         |    5.367|
c<4>           |out<10>        |    5.367|
c<4>           |out<11>        |    5.367|
c<4>           |out<12>        |    5.367|
c<4>           |out<13>        |    5.367|
c<4>           |out<14>        |    5.367|
c<4>           |out<15>        |    5.801|
c<4>           |zr             |    8.927|
c<5>           |ng             |    5.089|
c<5>           |out<0>         |    5.367|
c<5>           |out<1>         |    5.367|
c<5>           |out<2>         |    5.367|
c<5>           |out<3>         |    5.367|
c<5>           |out<4>         |    5.367|
c<5>           |out<5>         |    5.367|
c<5>           |out<6>         |    5.367|
c<5>           |out<7>         |    5.367|
c<5>           |out<8>         |    5.367|
c<5>           |out<9>         |    5.367|
c<5>           |out<10>        |    5.367|
c<5>           |out<11>        |    5.367|
c<5>           |out<12>        |    5.367|
c<5>           |out<13>        |    5.367|
c<5>           |out<14>        |    5.367|
c<5>           |out<15>        |    5.089|
c<5>           |zr             |    8.927|
x<0>           |ng             |   16.481|
x<0>           |out<0>         |    5.830|
x<0>           |out<1>         |    5.830|
x<0>           |out<2>         |    6.791|
x<0>           |out<3>         |    7.503|
x<0>           |out<4>         |    8.215|
x<0>           |out<5>         |    8.927|
x<0>           |out<6>         |    9.639|
x<0>           |out<7>         |   10.351|
x<0>           |out<8>         |   11.063|
x<0>           |out<9>         |   11.775|
x<0>           |out<10>        |   12.487|
x<0>           |out<11>        |   13.199|
x<0>           |out<12>        |   13.911|
x<0>           |out<13>        |   14.623|
x<0>           |out<14>        |   15.335|
x<0>           |out<15>        |   16.481|
x<0>           |zr             |   17.193|
x<1>           |ng             |   16.481|
x<1>           |out<1>         |    6.079|
x<1>           |out<2>         |    6.791|
x<1>           |out<3>         |    7.503|
x<1>           |out<4>         |    8.215|
x<1>           |out<5>         |    8.927|
x<1>           |out<6>         |    9.639|
x<1>           |out<7>         |   10.351|
x<1>           |out<8>         |   11.063|
x<1>           |out<9>         |   11.775|
x<1>           |out<10>        |   12.487|
x<1>           |out<11>        |   13.199|
x<1>           |out<12>        |   13.911|
x<1>           |out<13>        |   14.623|
x<1>           |out<14>        |   15.335|
x<1>           |out<15>        |   16.481|
x<1>           |zr             |   17.193|
x<2>           |ng             |   15.769|
x<2>           |out<2>         |    6.079|
x<2>           |out<3>         |    6.791|
x<2>           |out<4>         |    7.503|
x<2>           |out<5>         |    8.215|
x<2>           |out<6>         |    8.927|
x<2>           |out<7>         |    9.639|
x<2>           |out<8>         |   10.351|
x<2>           |out<9>         |   11.063|
x<2>           |out<10>        |   11.775|
x<2>           |out<11>        |   12.487|
x<2>           |out<12>        |   13.199|
x<2>           |out<13>        |   13.911|
x<2>           |out<14>        |   14.623|
x<2>           |out<15>        |   15.769|
x<2>           |zr             |   16.481|
x<3>           |ng             |   15.057|
x<3>           |out<3>         |    6.079|
x<3>           |out<4>         |    6.791|
x<3>           |out<5>         |    7.503|
x<3>           |out<6>         |    8.215|
x<3>           |out<7>         |    8.927|
x<3>           |out<8>         |    9.639|
x<3>           |out<9>         |   10.351|
x<3>           |out<10>        |   11.063|
x<3>           |out<11>        |   11.775|
x<3>           |out<12>        |   12.487|
x<3>           |out<13>        |   13.199|
x<3>           |out<14>        |   13.911|
x<3>           |out<15>        |   15.057|
x<3>           |zr             |   15.769|
x<4>           |ng             |   14.345|
x<4>           |out<4>         |    6.079|
x<4>           |out<5>         |    6.791|
x<4>           |out<6>         |    7.503|
x<4>           |out<7>         |    8.215|
x<4>           |out<8>         |    8.927|
x<4>           |out<9>         |    9.639|
x<4>           |out<10>        |   10.351|
x<4>           |out<11>        |   11.063|
x<4>           |out<12>        |   11.775|
x<4>           |out<13>        |   12.487|
x<4>           |out<14>        |   13.199|
x<4>           |out<15>        |   14.345|
x<4>           |zr             |   15.057|
x<5>           |ng             |   13.633|
x<5>           |out<5>         |    6.079|
x<5>           |out<6>         |    6.791|
x<5>           |out<7>         |    7.503|
x<5>           |out<8>         |    8.215|
x<5>           |out<9>         |    8.927|
x<5>           |out<10>        |    9.639|
x<5>           |out<11>        |   10.351|
x<5>           |out<12>        |   11.063|
x<5>           |out<13>        |   11.775|
x<5>           |out<14>        |   12.487|
x<5>           |out<15>        |   13.633|
x<5>           |zr             |   14.345|
x<6>           |ng             |   12.921|
x<6>           |out<6>         |    6.079|
x<6>           |out<7>         |    6.791|
x<6>           |out<8>         |    7.503|
x<6>           |out<9>         |    8.215|
x<6>           |out<10>        |    8.927|
x<6>           |out<11>        |    9.639|
x<6>           |out<12>        |   10.351|
x<6>           |out<13>        |   11.063|
x<6>           |out<14>        |   11.775|
x<6>           |out<15>        |   12.921|
x<6>           |zr             |   13.633|
x<7>           |ng             |   12.209|
x<7>           |out<7>         |    6.079|
x<7>           |out<8>         |    6.791|
x<7>           |out<9>         |    7.503|
x<7>           |out<10>        |    8.215|
x<7>           |out<11>        |    8.927|
x<7>           |out<12>        |    9.639|
x<7>           |out<13>        |   10.351|
x<7>           |out<14>        |   11.063|
x<7>           |out<15>        |   12.209|
x<7>           |zr             |   12.921|
x<8>           |ng             |   11.497|
x<8>           |out<8>         |    6.079|
x<8>           |out<9>         |    6.791|
x<8>           |out<10>        |    7.503|
x<8>           |out<11>        |    8.215|
x<8>           |out<12>        |    8.927|
x<8>           |out<13>        |    9.639|
x<8>           |out<14>        |   10.351|
x<8>           |out<15>        |   11.497|
x<8>           |zr             |   12.209|
x<9>           |ng             |   10.785|
x<9>           |out<9>         |    6.079|
x<9>           |out<10>        |    6.791|
x<9>           |out<11>        |    7.503|
x<9>           |out<12>        |    8.215|
x<9>           |out<13>        |    8.927|
x<9>           |out<14>        |    9.639|
x<9>           |out<15>        |   10.785|
x<9>           |zr             |   11.497|
x<10>          |ng             |   10.073|
x<10>          |out<10>        |    6.079|
x<10>          |out<11>        |    6.791|
x<10>          |out<12>        |    7.503|
x<10>          |out<13>        |    8.215|
x<10>          |out<14>        |    8.927|
x<10>          |out<15>        |   10.073|
x<10>          |zr             |   10.785|
x<11>          |ng             |    9.361|
x<11>          |out<11>        |    6.079|
x<11>          |out<12>        |    6.791|
x<11>          |out<13>        |    7.503|
x<11>          |out<14>        |    8.215|
x<11>          |out<15>        |    9.361|
x<11>          |zr             |   10.073|
x<12>          |ng             |    8.649|
x<12>          |out<12>        |    6.079|
x<12>          |out<13>        |    6.791|
x<12>          |out<14>        |    7.503|
x<12>          |out<15>        |    8.649|
x<12>          |zr             |    9.361|
x<13>          |ng             |    7.937|
x<13>          |out<13>        |    6.079|
x<13>          |out<14>        |    6.791|
x<13>          |out<15>        |    7.937|
x<13>          |zr             |    8.649|
x<14>          |ng             |    7.225|
x<14>          |out<14>        |    6.079|
x<14>          |out<15>        |    7.225|
x<14>          |zr             |    7.937|
x<15>          |ng             |    6.513|
x<15>          |out<15>        |    6.513|
x<15>          |zr             |    7.225|
y<0>           |ng             |   17.193|
y<0>           |out<0>         |    6.079|
y<0>           |out<1>         |    6.542|
y<0>           |out<2>         |    7.503|
y<0>           |out<3>         |    8.215|
y<0>           |out<4>         |    8.927|
y<0>           |out<5>         |    9.639|
y<0>           |out<6>         |   10.351|
y<0>           |out<7>         |   11.063|
y<0>           |out<8>         |   11.775|
y<0>           |out<9>         |   12.487|
y<0>           |out<10>        |   13.199|
y<0>           |out<11>        |   13.911|
y<0>           |out<12>        |   14.623|
y<0>           |out<13>        |   15.335|
y<0>           |out<14>        |   16.047|
y<0>           |out<15>        |   17.193|
y<0>           |zr             |   17.905|
y<1>           |ng             |   16.481|
y<1>           |out<1>         |    6.079|
y<1>           |out<2>         |    6.791|
y<1>           |out<3>         |    7.503|
y<1>           |out<4>         |    8.215|
y<1>           |out<5>         |    8.927|
y<1>           |out<6>         |    9.639|
y<1>           |out<7>         |   10.351|
y<1>           |out<8>         |   11.063|
y<1>           |out<9>         |   11.775|
y<1>           |out<10>        |   12.487|
y<1>           |out<11>        |   13.199|
y<1>           |out<12>        |   13.911|
y<1>           |out<13>        |   14.623|
y<1>           |out<14>        |   15.335|
y<1>           |out<15>        |   16.481|
y<1>           |zr             |   17.193|
y<2>           |ng             |   15.769|
y<2>           |out<2>         |    5.830|
y<2>           |out<3>         |    6.791|
y<2>           |out<4>         |    7.503|
y<2>           |out<5>         |    8.215|
y<2>           |out<6>         |    8.927|
y<2>           |out<7>         |    9.639|
y<2>           |out<8>         |   10.351|
y<2>           |out<9>         |   11.063|
y<2>           |out<10>        |   11.775|
y<2>           |out<11>        |   12.487|
y<2>           |out<12>        |   13.199|
y<2>           |out<13>        |   13.911|
y<2>           |out<14>        |   14.623|
y<2>           |out<15>        |   15.769|
y<2>           |zr             |   16.481|
y<3>           |ng             |   15.057|
y<3>           |out<3>         |    5.830|
y<3>           |out<4>         |    6.791|
y<3>           |out<5>         |    7.503|
y<3>           |out<6>         |    8.215|
y<3>           |out<7>         |    8.927|
y<3>           |out<8>         |    9.639|
y<3>           |out<9>         |   10.351|
y<3>           |out<10>        |   11.063|
y<3>           |out<11>        |   11.775|
y<3>           |out<12>        |   12.487|
y<3>           |out<13>        |   13.199|
y<3>           |out<14>        |   13.911|
y<3>           |out<15>        |   15.057|
y<3>           |zr             |   15.769|
y<4>           |ng             |   14.345|
y<4>           |out<4>         |    5.830|
y<4>           |out<5>         |    6.791|
y<4>           |out<6>         |    7.503|
y<4>           |out<7>         |    8.215|
y<4>           |out<8>         |    8.927|
y<4>           |out<9>         |    9.639|
y<4>           |out<10>        |   10.351|
y<4>           |out<11>        |   11.063|
y<4>           |out<12>        |   11.775|
y<4>           |out<13>        |   12.487|
y<4>           |out<14>        |   13.199|
y<4>           |out<15>        |   14.345|
y<4>           |zr             |   15.057|
y<5>           |ng             |   13.633|
y<5>           |out<5>         |    5.830|
y<5>           |out<6>         |    6.791|
y<5>           |out<7>         |    7.503|
y<5>           |out<8>         |    8.215|
y<5>           |out<9>         |    8.927|
y<5>           |out<10>        |    9.639|
y<5>           |out<11>        |   10.351|
y<5>           |out<12>        |   11.063|
y<5>           |out<13>        |   11.775|
y<5>           |out<14>        |   12.487|
y<5>           |out<15>        |   13.633|
y<5>           |zr             |   14.345|
y<6>           |ng             |   12.921|
y<6>           |out<6>         |    5.830|
y<6>           |out<7>         |    6.791|
y<6>           |out<8>         |    7.503|
y<6>           |out<9>         |    8.215|
y<6>           |out<10>        |    8.927|
y<6>           |out<11>        |    9.639|
y<6>           |out<12>        |   10.351|
y<6>           |out<13>        |   11.063|
y<6>           |out<14>        |   11.775|
y<6>           |out<15>        |   12.921|
y<6>           |zr             |   13.633|
y<7>           |ng             |   12.209|
y<7>           |out<7>         |    5.830|
y<7>           |out<8>         |    6.791|
y<7>           |out<9>         |    7.503|
y<7>           |out<10>        |    8.215|
y<7>           |out<11>        |    8.927|
y<7>           |out<12>        |    9.639|
y<7>           |out<13>        |   10.351|
y<7>           |out<14>        |   11.063|
y<7>           |out<15>        |   12.209|
y<7>           |zr             |   12.921|
y<8>           |ng             |   11.497|
y<8>           |out<8>         |    5.830|
y<8>           |out<9>         |    6.791|
y<8>           |out<10>        |    7.503|
y<8>           |out<11>        |    8.215|
y<8>           |out<12>        |    8.927|
y<8>           |out<13>        |    9.639|
y<8>           |out<14>        |   10.351|
y<8>           |out<15>        |   11.497|
y<8>           |zr             |   12.209|
y<9>           |ng             |   10.785|
y<9>           |out<9>         |    5.830|
y<9>           |out<10>        |    6.791|
y<9>           |out<11>        |    7.503|
y<9>           |out<12>        |    8.215|
y<9>           |out<13>        |    8.927|
y<9>           |out<14>        |    9.639|
y<9>           |out<15>        |   10.785|
y<9>           |zr             |   11.497|
y<10>          |ng             |   10.073|
y<10>          |out<10>        |    5.830|
y<10>          |out<11>        |    6.791|
y<10>          |out<12>        |    7.503|
y<10>          |out<13>        |    8.215|
y<10>          |out<14>        |    8.927|
y<10>          |out<15>        |   10.073|
y<10>          |zr             |   10.785|
y<11>          |ng             |    9.361|
y<11>          |out<11>        |    5.830|
y<11>          |out<12>        |    6.791|
y<11>          |out<13>        |    7.503|
y<11>          |out<14>        |    8.215|
y<11>          |out<15>        |    9.361|
y<11>          |zr             |   10.073|
y<12>          |ng             |    8.649|
y<12>          |out<12>        |    5.830|
y<12>          |out<13>        |    6.791|
y<12>          |out<14>        |    7.503|
y<12>          |out<15>        |    8.649|
y<12>          |zr             |    9.361|
y<13>          |ng             |    7.937|
y<13>          |out<13>        |    5.830|
y<13>          |out<14>        |    6.791|
y<13>          |out<15>        |    7.937|
y<13>          |zr             |    8.649|
y<14>          |ng             |    7.225|
y<14>          |out<14>        |    5.830|
y<14>          |out<15>        |    7.225|
y<14>          |zr             |    7.937|
y<15>          |ng             |    6.513|
y<15>          |out<15>        |    6.513|
y<15>          |zr             |    7.225|
---------------+---------------+---------+


Analysis completed Mon Apr 04 21:35:41 2016 
--------------------------------------------------------------------------------

Trace Settings:
-------------------------
Trace Settings 

Peak Memory Usage: 151 MB



