--------------------------------------------------------------------------------
Release 14.2 Trace  (nt64)
Copyright (c) 1995-2012 Xilinx, Inc.  All rights reserved.

C:\Xilinx\14.2\ISE_DS\ISE\bin\nt64\unwrapped\trce.exe -intstyle ise -v 3 -s 5
-n 3 -fastpaths -xml register_16.twx register_16.ncd -o register_16.twr
register_16.pcf

Design file:              register_16.ncd
Physical constraint file: register_16.pcf
Device,package,speed:     xc3s100e,vq100,-5 (PRODUCTION 1.27 2012-07-09)
Report level:             verbose report

Environment Variable      Effect 
--------------------      ------ 
NONE                      No environment variables were set
--------------------------------------------------------------------------------

INFO:Timing:2698 - No timing constraints found, doing default enumeration.
INFO:Timing:3412 - To improve timing, see the Timing Closure User Guide (UG612).
INFO:Timing:2752 - To get complete path coverage, use the unconstrained paths 
   option. All paths that are not constrained will be reported in the 
   unconstrained paths section(s) of the report.
INFO:Timing:3339 - The clock-to-out numbers in this timing report are based on 
   a 50 Ohm transmission line loading model.  For the details of this model, 
   and for more information on accounting for different loading conditions, 
   please see the device datasheet.
INFO:Timing:3390 - This architecture does not support a default System Jitter 
   value, please add SYSTEM_JITTER constraint to the UCF to modify the Clock 
   Uncertainty calculation.
INFO:Timing:3389 - This architecture does not support 'Discrete Jitter' and 
   'Phase Error' calculations, these terms will be zero in the Clock 
   Uncertainty calculation.  Please make appropriate modification to 
   SYSTEM_JITTER to account for the unsupported Discrete Jitter and Phase 
   Error.



Data Sheet report:
-----------------
All values displayed in nanoseconds (ns)

Pad to Pad
---------------+---------------+---------+
Source Pad     |Destination Pad|  Delay  |
---------------+---------------+---------+
clk            |out<0>         |    8.928|
clk            |out<1>         |    9.949|
clk            |out<2>         |    9.685|
clk            |out<3>         |   10.064|
clk            |out<4>         |    9.027|
clk            |out<5>         |    9.730|
clk            |out<6>         |    9.719|
clk            |out<7>         |    8.536|
clk            |out<8>         |    9.117|
clk            |out<9>         |    8.852|
clk            |out<10>        |    9.404|
clk            |out<11>        |    9.117|
clk            |out<12>        |    9.331|
clk            |out<13>        |    8.476|
clk            |out<14>        |    8.270|
clk            |out<15>        |    8.807|
in<0>          |out<0>         |    8.645|
in<1>          |out<1>         |    8.947|
in<2>          |out<2>         |    8.800|
in<3>          |out<3>         |    9.399|
in<4>          |out<4>         |    8.461|
in<5>          |out<5>         |    8.841|
in<6>          |out<6>         |    8.808|
in<7>          |out<7>         |    7.669|
in<8>          |out<8>         |    7.897|
in<9>          |out<9>         |    8.333|
in<10>         |out<10>        |    8.069|
in<11>         |out<11>        |    7.731|
in<12>         |out<12>        |    7.635|
in<13>         |out<13>        |    8.220|
in<14>         |out<14>        |    7.499|
in<15>         |out<15>        |    8.448|
load           |out<0>         |    9.477|
load           |out<1>         |    9.340|
load           |out<2>         |   10.225|
load           |out<3>         |    9.583|
load           |out<4>         |    9.243|
load           |out<5>         |    9.116|
load           |out<6>         |    9.718|
load           |out<7>         |    8.823|
load           |out<8>         |    9.347|
load           |out<9>         |    8.719|
load           |out<10>        |    8.930|
load           |out<11>        |    7.859|
load           |out<12>        |    8.276|
load           |out<13>        |    8.319|
load           |out<14>        |    8.599|
load           |out<15>        |    9.136|
---------------+---------------+---------+


Analysis completed Fri Mar 11 16:04:54 2016 
--------------------------------------------------------------------------------

Trace Settings:
-------------------------
Trace Settings 

Peak Memory Usage: 145 MB



